This is pdfTeX, Version 3.141592653-2.6-1.40.25 (TeX Live 2023/Debian) (preloaded format=pdflatex)
 restricted \write18 enabled.
entering extended mode
(./main.tex
LaTeX2e <2023-11-01> patch level 1
L3 programming layer <2024-01-22>
(/usr/share/texlive/texmf-dist/tex/latex/base/article.cls
Document Class: article 2023/05/17 v1.4n Standard LaTeX document class
(/usr/share/texlive/texmf-dist/tex/latex/base/size11.clo))
(/usr/share/texlive/texmf-dist/tex/latex/geometry/geometry.sty
(/usr/share/texlive/texmf-dist/tex/latex/graphics/keyval.sty)
(/usr/share/texlive/texmf-dist/tex/generic/iftex/ifvtex.sty
(/usr/share/texlive/texmf-dist/tex/generic/iftex/iftex.sty)))
(/usr/share/texlive/texmf-dist/tex/latex/base/fontenc.sty)
(/usr/share/texlive/texmf-dist/tex/latex/amsmath/amsmath.sty
For additional information on amsmath, use the `?' option.
(/usr/share/texlive/texmf-dist/tex/latex/amsmath/amstext.sty
(/usr/share/texlive/texmf-dist/tex/latex/amsmath/amsgen.sty))
(/usr/share/texlive/texmf-dist/tex/latex/amsmath/amsbsy.sty)
(/usr/share/texlive/texmf-dist/tex/latex/amsmath/amsopn.sty))
(/usr/share/texlive/texmf-dist/tex/latex/amscls/amsthm.sty)
(/usr/share/texlive/texmf-dist/tex/latex/booktabs/booktabs.sty)
(/usr/share/texlive/texmf-dist/tex/latex/tools/array.sty)
(/usr/share/texlive/texmf-dist/tex/latex/tools/longtable.sty)
(/usr/share/texlive/texmf-dist/tex/latex/newtx/newtxtext.sty
`newtxtext' v1.737, 2024/01/11 Text macros taking advantage of TeXGyre Termes a
nd its extensions (msharpe)
(/usr/share/texlive/texmf-dist/tex/latex/xpatch/xpatch.sty
(/usr/share/texlive/texmf-dist/tex/latex/l3kernel/expl3.sty
(/usr/share/texlive/texmf-dist/tex/latex/l3backend/l3backend-pdftex.def))
(/usr/share/texlive/texmf-dist/tex/latex/l3packages/xparse/xparse.sty)
(/usr/share/texlive/texmf-dist/tex/latex/etoolbox/etoolbox.sty))
(/usr/share/texlive/texmf-dist/tex/latex/xcolor/xcolor.sty
(/usr/share/texlive/texmf-dist/tex/latex/graphics-cfg/color.cfg)
(/usr/share/texlive/texmf-dist/tex/latex/graphics-def/pdftex.def)
(/usr/share/texlive/texmf-dist/tex/latex/graphics/mathcolor.ltx))
(/usr/share/texlive/texmf-dist/tex/latex/xkeyval/xkeyval.sty
(/usr/share/texlive/texmf-dist/tex/generic/xkeyval/xkeyval.tex
(/usr/share/texlive/texmf-dist/tex/generic/xkeyval/xkvutils.tex)))
(/usr/share/texlive/texmf-dist/tex/latex/base/textcomp.sty)
(/usr/share/texlive/texmf-dist/tex/generic/xstring/xstring.sty
(/usr/share/texlive/texmf-dist/tex/generic/xstring/xstring.tex))
(/usr/share/texlive/texmf-dist/tex/latex/base/ifthen.sty)
(/usr/share/texlive/texmf-dist/tex/latex/carlisle/scalefnt.sty)
(/usr/share/texlive/texmf-dist/tex/generic/kastrup/binhex.tex)
(/usr/share/texlive/texmf-dist/tex/latex/fontaxes/fontaxes.sty))
(/usr/share/texlive/texmf-dist/tex/latex/newtx/newtxmath.sty
`newtxmath' v1.732, 2023/11/05 Math macros based originally on txfonts (msharpe
) (/usr/share/texlive/texmf-dist/tex/latex/oberdiek/centernot.sty)
(/usr/share/texlive/texmf-dist/tex/generic/kastrup/binhex.tex)
amsthm NOT loaded
) (/usr/share/texlive/texmf-dist/tex/latex/natbib/natbib.sty)
(/usr/share/texlive/texmf-dist/tex/latex/setspace/setspace.sty)
(/usr/share/texlive/texmf-dist/tex/latex/hyperref/xr-hyper.sty)
(/usr/share/texlive/texmf-dist/tex/latex/hyperref/hyperref.sty
(/usr/share/texlive/texmf-dist/tex/latex/kvsetkeys/kvsetkeys.sty)
(/usr/share/texlive/texmf-dist/tex/generic/kvdefinekeys/kvdefinekeys.sty)
(/usr/share/texlive/texmf-dist/tex/generic/pdfescape/pdfescape.sty
(/usr/share/texlive/texmf-dist/tex/generic/ltxcmds/ltxcmds.sty)
(/usr/share/texlive/texmf-dist/tex/generic/pdftexcmds/pdftexcmds.sty
(/usr/share/texlive/texmf-dist/tex/generic/infwarerr/infwarerr.sty)))
(/usr/share/texlive/texmf-dist/tex/latex/hycolor/hycolor.sty)
(/usr/share/texlive/texmf-dist/tex/latex/auxhook/auxhook.sty)
(/usr/share/texlive/texmf-dist/tex/latex/hyperref/nameref.sty
(/usr/share/texlive/texmf-dist/tex/latex/refcount/refcount.sty)
(/usr/share/texlive/texmf-dist/tex/generic/gettitlestring/gettitlestring.sty
(/usr/share/texlive/texmf-dist/tex/latex/kvoptions/kvoptions.sty)))
(/usr/share/texlive/texmf-dist/tex/latex/hyperref/pd1enc.def)
(/usr/share/texlive/texmf-dist/tex/generic/intcalc/intcalc.sty)
(/usr/share/texlive/texmf-dist/tex/latex/hyperref/puenc.def)
(/usr/share/texlive/texmf-dist/tex/latex/url/url.sty)
(/usr/share/texlive/texmf-dist/tex/generic/bitset/bitset.sty
(/usr/share/texlive/texmf-dist/tex/generic/bigintcalc/bigintcalc.sty))
(/usr/share/texlive/texmf-dist/tex/latex/base/atbegshi-ltx.sty))
(/usr/share/texlive/texmf-dist/tex/latex/hyperref/hpdftex.def
(/usr/share/texlive/texmf-dist/tex/latex/base/atveryend-ltx.sty)
(/usr/share/texlive/texmf-dist/tex/latex/rerunfilecheck/rerunfilecheck.sty
(/usr/share/texlive/texmf-dist/tex/generic/uniquecounter/uniquecounter.sty)))
(/usr/share/texlive/texmf-dist/tex/latex/fancyhdr/fancyhdr.sty)
(/usr/share/texlive/texmf-dist/tex/latex/endfloat/endfloat.sty)
(/usr/share/texlive/texmf-dist/tex/latex/newtx/t1ntxtlf.fd)
No file main.aux.
(/usr/share/texlive/texmf-dist/tex/latex/newtx/omlntxmi.fd)
(/usr/share/texlive/texmf-dist/tex/latex/newtx/untxexa.fd)
(/usr/share/texlive/texmf-dist/tex/latex/newtx/lmsntxsy.fd)
(/usr/share/texlive/texmf-dist/tex/latex/newtx/lmxntxexx.fd)
*geometry* driver: auto-detecting
*geometry* detected driver: pdftex
(/usr/share/texlive/texmf-dist/tex/context/base/mkii/supp-pdf.mkii
[Loading MPS to PDF converter (version 2006.09.02).]
) (/usr/share/texlive/texmf-dist/tex/latex/newtx/ot1minntx.fd)
(/usr/share/texlive/texmf-dist/tex/latex/newtx/untxmia.fd)
(/usr/share/texlive/texmf-dist/tex/latex/newtx/untxsym.fd)
(/usr/share/texlive/texmf-dist/tex/latex/newtx/untxsyc.fd) [1{/var/lib/texmf/fo
nts/map/pdftex/updmap/pdftex.map}{/usr/share/texlive/texmf-dist/fonts/enc/dvips
/newtx/ntx-ec-tlf.enc}]
pdfTeX warning (ext4): destination with the same identifier (name{page.1}) has 
been already used, duplicate ignored
<to be read again> 
                   \relax 
l.199 
       [1]

Package natbib Warning: Citation `Henig1997' on page 2 undefined on input line 
201.


Package natbib Warning: Citation `LiangAtkins2013' on page 2 undefined on input
 line 201.


Package natbib Warning: Citation `Sieke2012' on page 2 undefined on input line 
201.


Package natbib Warning: Citation `Katok2008' on page 2 undefined on input line 
201.


Package natbib Warning: Citation `Hosseinifard2022' on page 2 undefined on inpu
t line 201.


Package natbib Warning: Citation `Caggiano2007' on page 2 undefined on input li
ne 201.


Package natbib Warning: Citation `Abbasi2022' on page 2 undefined on input line
 201.


Package natbib Warning: Citation `NasserTurcic2019' on page 2 undefined on inpu
t line 203.


Package natbib Warning: Citation `PlambeckZenios2003' on page 2 undefined on in
put line 203.


Package natbib Warning: Citation `FedergruenHeching1999' on page 2 undefined on
 input line 203.


Package natbib Warning: Citation `Altman1999' on page 2 undefined on input line
 205.


Package natbib Warning: Citation `SpearSrivastava1987' on page 2 undefined on i
nput line 205.


Package natbib Warning: Citation `ThomasWorrall1988' on page 2 undefined on inp
ut line 205.


Package natbib Warning: Citation `Topkis1978' on page 2 undefined on input line
 207.


Package natbib Warning: Citation `HippHolzbaur1988' on page 2 undefined on inpu
t line 207.


Package natbib Warning: Citation `BoydVandenberghe2004' on page 2 undefined on 
input line 207.


Package natbib Warning: Citation `DeFariasVanRoy2003' on page 2 undefined on in
put line 207.


Package natbib Warning: Citation `Czarnecki2017' on page 2 undefined on input l
ine 209.


Package natbib Warning: Citation `Defferrard2016' on page 2 undefined on input 
line 209.


Package natbib Warning: Citation `Satija2020' on page 2 undefined on input line
 209.


Package natbib Warning: Citation `WachiSui2020' on page 2 undefined on input li
ne 209.


Package natbib Warning: Citation `Virtanen2020' on page 2 undefined on input li
ne 209.


Package natbib Warning: Citation `MaProtterYong1994' on page 2 undefined on inp
ut line 209.


Package natbib Warning: Citation `HanJentzenE2018' on page 2 undefined on input
 line 209.


Package natbib Warning: Citation `KushnerDupuis2001' on page 2 undefined on inp
ut line 209.


Package natbib Warning: Citation `TibshiraniTaylor2011' on page 2 undefined on 
input line 211.


Package natbib Warning: Citation `ArnoldTibshirani2016' on page 2 undefined on 
input line 211.


Package natbib Warning: Citation `Bemporad2002' on page 2 undefined on input li
ne 211.


Package natbib Warning: Citation `Fercoq2015' on page 2 undefined on input line
 211.

[2]

Package natbib Warning: Citation `PatrikssonStromberg2015' on page 3 undefined 
on input line 213.


Package natbib Warning: Citation `ElmachtoubGrigas2022' on page 3 undefined on 
input line 216.


Package natbib Warning: Citation `BertsimasKallus2020' on page 3 undefined on i
nput line 216.


Package natbib Warning: Citation `AmosKolter2017' on page 3 undefined on input 
line 216.


Package natbib Warning: Citation `KraulSeizingerBrunner2023' on page 3 undefine
d on input line 218.


Package natbib Warning: Citation `Sambharya2024' on page 3 undefined on input l
ine 218.


LaTeX Warning: Reference `tab:r22-novelty' on page 3 undefined on input line 21
8.


Package natbib Warning: Citation `Stellato2020' on page 3 undefined on input li
ne 220.


Package natbib Warning: Citation `Bemporad2002' on page 3 undefined on input li
ne 220.

(main.ttt) [3]

LaTeX Warning: Reference `eq:r22-common' on page 4 undefined on input line 266.



LaTeX Warning: Reference `sec:model' on page 4 undefined on input line 277.


LaTeX Warning: Reference `sec:accepted-continuous' on page 4 undefined on input
 line 277.


LaTeX Warning: Reference `sec:r12-network' on page 4 undefined on input line 29
3.


LaTeX Warning: Reference `sec:r10-tree' on page 4 undefined on input line 293.

[4{/usr/share/texlive/texmf-dist/fonts/enc/dvips/newtx/ntx-ot1-tlf.enc}]

LaTeX Warning: Reference `eq:r10-pin' on page 5 undefined on input line 322.


LaTeX Warning: Reference `eq:r10-pin' on page 5 undefined on input line 325.

[5]

LaTeX Warning: Reference `eq:r10-step' on page 6 undefined on input line 355.


Package natbib Warning: Citation `BoydVandenberghe2004' on page 6 undefined on 
input line 355.

[6]

Package natbib Warning: Citation `BoydVandenberghe2004' on page 7 undefined on 
input line 367.


LaTeX Warning: Reference `sec:r10-tree' on page 7 undefined on input line 375.

[7]

LaTeX Warning: Reference `eq:r12-problem' on page 8 undefined on input line 387
.


LaTeX Warning: Reference `eq:r12-saturated' on page 8 undefined on input line 4
00.


LaTeX Warning: Reference `eq:r12-capacity' on page 8 undefined on input line 40
0.


Package natbib Warning: Citation `BoydVandenberghe2004' on page 8 undefined on 
input line 402.


Package natbib Warning: Citation `TibshiraniTaylor2011' on page 8 undefined on 
input line 402.


LaTeX Warning: Reference `eq:r12-isotonic' on page 8 undefined on input line 41
7.

[8]

LaTeX Warning: Reference `eq:r12-critical' on page 9 undefined on input line 43
3.


LaTeX Warning: Reference `eq:r12-isotonic' on page 9 undefined on input line 43
6.


LaTeX Warning: Reference `thm:r12-balance' on page 9 undefined on input line 43
8.


LaTeX Warning: Reference `eq:r12-critical' on page 9 undefined on input line 43
8.


LaTeX Warning: Reference `cor:r10-threshold' on page 9 undefined on input line 
440.


LaTeX Warning: Reference `eq:r12-critical' on page 9 undefined on input line 44
0.


LaTeX Warning: Reference `thm:r12-balance' on page 9 undefined on input line 44
0.

[9]

LaTeX Warning: Reference `eq:r12-direction' on page 10 undefined on input line 
463.


LaTeX Warning: Reference `eq:r12-gain' on page 10 undefined on input line 463.


Underfull \hbox (badness 1057) in paragraph at lines 465--466
[]\T1/ntxtlf/m/n/10.95 For a zero-switching com-para-tor the equiv-a-lent vari-
a-tional thresh-old is the pos-i-tive part of

LaTeX Warning: Reference `thm:r12-balance' on page 10 undefined on input line 4
67.

[10]

LaTeX Warning: Reference `eq:r12-margin' on page 11 undefined on input line 479
.


LaTeX Warning: Reference `eq:r12-margin-slope' on page 11 undefined on input li
ne 494.


LaTeX Warning: Reference `eq:r12-margin-slope' on page 11 undefined on input li
ne 497.


LaTeX Warning: Reference `eq:r12-margin-bounds' on page 11 undefined on input l
ine 499.


LaTeX Warning: Reference `eq:r10-budget-dp' on page 11 undefined on input line 
502.


Package natbib Warning: Citation `Altman1999' on page 11 undefined on input lin
e 502.


Package natbib Warning: Citation `SpearSrivastava1987' on page 11 undefined on 
input line 502.


Package natbib Warning: Citation `ThomasWorrall1988' on page 11 undefined on in
put line 502.

[11]

LaTeX Warning: Reference `thm:r12-balance' on page 12 undefined on input line 5
09.


LaTeX Warning: Reference `eq:r13-flow-polytope' on page 12 undefined on input l
ine 526.


LaTeX Warning: Reference `eq:r13-flow-polytope' on page 12 undefined on input l
ine 531.

[12]

LaTeX Warning: Reference `eq:r13-critical' on page 13 undefined on input line 5
64.


LaTeX Warning: Reference `eq:r13-ray-gain' on page 13 undefined on input line 5
64.


LaTeX Warning: Reference `cor:r12-cuts' on page 13 undefined on input line 566.


[13]

Package natbib Warning: Citation `BeckTeboulle2009' on page 14 undefined on inp
ut line 575.


LaTeX Warning: Reference `thm:r13-bracket' on page 14 undefined on input line 5
77.


Package natbib Warning: Citation `TibshiraniTaylor2011' on page 14 undefined on
 input line 583.


Package natbib Warning: Citation `ArnoldTibshirani2016' on page 14 undefined on
 input line 583.


LaTeX Warning: Reference `prop:r13-flow' on page 14 undefined on input line 607
.


LaTeX Warning: Reference `sec:r19-bridge' on page 14 undefined on input line 60
8.

[14]

LaTeX Warning: Reference `eq:r24-transfer-set' on page 15 undefined on input li
ne 647.


LaTeX Warning: Reference `eq:r24-exact-expansion' on page 15 undefined on input
 line 654.

[15]

LaTeX Warning: Reference `eq:r19-program' on page 16 undefined on input line 69
8.


LaTeX Warning: Reference `eq:r19-response' on page 16 undefined on input line 6
98.

[16]

LaTeX Warning: Reference `ec:r23-preserved-global-proof' on page 17 undefined o
n input line 714.


LaTeX Warning: Reference `eq:r19-gradientbound' on page 17 undefined on input l
ine 716.


Package natbib Warning: Citation `BoydVandenberghe2004' on page 17 undefined on
 input line 718.


LaTeX Warning: Reference `eq:r19-response' on page 17 undefined on input line 7
21.


LaTeX Warning: Reference `eq:r19-basegap' on page 17 undefined on input line 73
2.


LaTeX Warning: Reference `eq:r19-basegap' on page 17 undefined on input line 73
7.

[17]

LaTeX Warning: Reference `eq:r19-inexact' on page 18 undefined on input line 75
3.


LaTeX Warning: Reference `eq:r19-fenchel' on page 18 undefined on input line 77
2.


LaTeX Warning: Reference `thm:r19-inexact' on page 18 undefined on input line 7
74.

[18]

LaTeX Warning: Reference `thm:r19-inexact' on page 19 undefined on input line 7
89.


LaTeX Warning: Reference `thm:r19-global' on page 19 undefined on input line 79
1.


LaTeX Warning: Reference `sec:r14-star' on page 19 undefined on input line 791.



LaTeX Warning: Reference `sec:r19-bridge' on page 19 undefined on input line 79
7.

[19]

Package natbib Warning: Citation `BoydVandenberghe2004' on page 20 undefined on
 input line 815.


LaTeX Warning: Reference `eq:r22-polishgradient' on page 20 undefined on input 
line 837.


LaTeX Warning: Reference `eq:r22-polishhessian' on page 20 undefined on input l
ine 837.


LaTeX Warning: Reference `eq:r22-polishhessian' on page 20 undefined on input l
ine 839.


LaTeX Warning: Reference `thm:r22-decomposition' on page 20 undefined on input 
line 839.

[20]

LaTeX Warning: Reference `thm:r19-global' on page 21 undefined on input line 84
2.


LaTeX Warning: Reference `eq:r22-components' on page 21 undefined on input line
 842.


LaTeX Warning: Reference `thm:r22-decomposition' on page 21 undefined on input 
line 854.


LaTeX Warning: Reference `sec:r19-bridge' on page 21 undefined on input line 85
7.

[21]

LaTeX Warning: Reference `eq:r22-complete-gradient' on page 22 undefined on inp
ut line 882.


LaTeX Warning: Reference `eq:r22-components' on page 22 undefined on input line
 886.


LaTeX Warning: Reference `eq:r22-exact-floor' on page 22 undefined on input lin
e 886.


LaTeX Warning: Reference `eq:r22-complete-rate' on page 22 undefined on input l
ine 893.


Package natbib Warning: Citation `BoydVandenberghe2004' on page 22 undefined on
 input line 895.


Package natbib Warning: Citation `BeckTeboulle2009' on page 22 undefined on inp
ut line 895.

[22] [23]

Package natbib Warning: Citation `BenTalNemirovski2000' on page 24 undefined on
 input line 929.


Package natbib Warning: Citation `BertsimasSim2004' on page 24 undefined on inp
ut line 929.


LaTeX Warning: Reference `thm:r22-complete' on page 24 undefined on input line 
929.


LaTeX Warning: Reference `ec:r23-robust' on page 24 undefined on input line 929
.


LaTeX Warning: Reference `thm:r19-inexact' on page 24 undefined on input line 9
46.


LaTeX Warning: Reference `eq:r22-expansionsandwich' on page 24 undefined on inp
ut line 946.

[24]

LaTeX Warning: Reference `sec:r22-early' on page 25 undefined on input line 966
.


LaTeX Warning: Reference `sec:r19-experiment' on page 25 undefined on input lin
e 966.

[25]

Package natbib Warning: Citation `Stellato2020' on page 26 undefined on input l
ine 971.


LaTeX Warning: Reference `prop:r22-polishing' on page 26 undefined on input lin
e 973.


LaTeX Warning: Reference `sec:r22-benchmark' on page 26 undefined on input line
 1009.

[26]

LaTeX Warning: Reference `prop:r22-validation' on page 27 undefined on input li
ne 1011.

[27]

LaTeX Warning: Reference `thm:r23-robust' on page 28 undefined on input line 10
81.


LaTeX Warning: Reference `tab:r23-robust' on page 28 undefined on input line 10
83.


LaTeX Warning: Reference `cs:r24-details' on page 28 undefined on input line 11
04.

[28]

LaTeX Warning: Reference `tab:r24-tightness' on page 29 undefined on input line
 1129.

[29]

LaTeX Warning: Reference `tab:r24-timing' on page 30 undefined on input line 11
66.


LaTeX Warning: Reference `tab:r24-robust-cost' on page 30 undefined on input li
ne 1206.

[30] [31] [32]
Underfull \hbox (badness 4454) in paragraph at lines 1312--1313
[]\T1/ntxtlf/m/n/10.95 Bertsimas D, Sim M (2004) The price of ro-bust-ness. \T1
/ntxtlf/m/it/10.95 Op-er-a-tions Re-search \T1/ntxtlf/m/n/10.95 52(1):35--53.
[33] [34]

Package natbib Warning: There were undefined citations.

AED endfloat: Processing end Figures and Tables [35] (./main.ttt

Package natbib Warning: Citation `BoydVandenberghe2004' on page 36 undefined on
 input line 8.


Package natbib Warning: Citation `TibshiraniTaylor2011' on page 36 undefined on
 input line 8.


Underfull \hbox (badness 1360) in paragraph at lines 8--9
[]|\T1/ntxtlf/m/n/10 Convex KKT and total-

Underfull \hbox (badness 10000) in paragraph at lines 9--10
[]|\T1/ntxtlf/m/n/10 Normal-cone sta-tion-ar-ity and

LaTeX Warning: Reference `thm:r24-transfers' on page 36 undefined on input line
 10.


Underfull \hbox (badness 1721) in paragraph at lines 10--11
[]|\T1/ntxtlf/m/n/10 Cumulative con-tin-u-a-tion prices, sub-

Package natbib Warning: Citation `BoydVandenberghe2004' on page 36 undefined on
 input line 11.


Underfull \hbox (badness 3271) in paragraph at lines 11--12
[]|\T1/ntxtlf/m/n/10 Envelope and con-ju-gate

Underfull \hbox (badness 10000) in paragraph at lines 11--12
\T1/ntxtlf/m/n/10 sen-si-tiv-ity; unique-ness

LaTeX Warning: Reference `thm:r19-global' on page 36 undefined on input line 13
.


Package natbib Warning: Citation `ElmachtoubGrigas2022' on page 36 undefined on
 input line 14.


Package natbib Warning: Citation `BertsimasKallus2020' on page 36 undefined on 
input line 14.


Underfull \hbox (badness 2119) in paragraph at lines 14--15
\T1/ntxtlf/m/n/10 dicted costs and down-

LaTeX Warning: Reference `thm:r22-expansion' on page 36 undefined on input line
 16.


Package natbib Warning: Citation `AmosKolter2017' on page 36 undefined on input
 line 17.


Package natbib Warning: Citation `KraulSeizingerBrunner2023' on page 36 undefin
ed on input line 17.


Underfull \hbox (badness 2435) in paragraph at lines 17--18
[]|\T1/ntxtlf/m/n/10 Differentiable QP lay-ers

LaTeX Warning: Reference `thm:r19-inexact' on page 36 undefined on input line 1
9.


LaTeX Warning: Reference `thm:r22-decomposition' on page 36 undefined on input 
line 19.


Package natbib Warning: Citation `Stellato2020' on page 36 undefined on input l
ine 20.


Package natbib Warning: Citation `Sambharya2024' on page 36 undefined on input 
line 20.


LaTeX Warning: Reference `prop:r22-polishing' on page 36 undefined on input lin
e 22.


LaTeX Warning: Reference `thm:r22-complete' on page 36 undefined on input line 
22.


Underfull \hbox (badness 10000) in paragraph at lines 22--23
[]|\T1/ntxtlf/m/n/10 Proposition [] iden-ti-fies a small

Underfull \hbox (badness 10000) in paragraph at lines 22--23
\T1/ntxtlf/m/n/10 certificate-repair prob-lem and its

Underfull \hbox (badness 3312) in paragraph at lines 22--23
\T1/ntxtlf/m/n/10 accepted-control floor; The-o-rem []

Underfull \hbox (badness 2173) in paragraph at lines 22--23
\T1/ntxtlf/m/n/10 Matched au-dits test to-tal cost; the

Package natbib Warning: Citation `BenTalNemirovski2000' on page 36 undefined on
 input line 23.


Package natbib Warning: Citation `BertsimasSim2004' on page 36 undefined on inp
ut line 23.


Underfull \hbox (badness 10000) in paragraph at lines 24--25
[]|\T1/ntxtlf/m/n/10 Vertex ro-bust coun-ter-parts and

Underfull \hbox (badness 10000) in paragraph at lines 24--25
\T1/ntxtlf/m/n/10 uncertainty--performance trade-offs

LaTeX Warning: Reference `thm:r23-robust' on page 36 undefined on input line 25
.


Package natbib Warning: Citation `Hoeffding1963' on page 36 undefined on input 
line 26.


Underfull \hbox (badness 6125) in paragraph at lines 26--27
[]|\T1/ntxtlf/m/n/10 Hoeffding con-cen-tra-tion;

LaTeX Warning: Reference `prop:r22-validation' on page 36 undefined on input li
ne 28.

) [36] [37] [38] (./main.aux

Package natbib Warning: Citation(s) may have changed.
(natbib)                Rerun to get citations correct.

)

LaTeX Warning: There were undefined references.


LaTeX Warning: Label(s) may have changed. Rerun to get cross-references right.


Package rerunfilecheck Warning: File `main.out' has changed.
(rerunfilecheck)                Rerun to get outlines right
(rerunfilecheck)                or use package `bookmark'.

 )
(see the transcript file for additional information)</usr/share/texlive/texmf-d
ist/fonts/type1/public/newtx/NewTXMI.pfb></usr/share/texlive/texmf-dist/fonts/t
ype1/public/newtx/NewTXMI5.pfb></usr/share/texlive/texmf-dist/fonts/type1/publi
c/newtx/NewTXMI7.pfb></usr/share/texlive/texmf-dist/fonts/type1/public/newtx/tx
exas.pfb></usr/share/texlive/texmf-dist/fonts/type1/public/newtx/txexs.pfb></us
r/share/texlive/texmf-dist/fonts/type1/public/newtx/txmiaX.pfb></usr/share/texl
ive/texmf-dist/fonts/type1/public/newtx/txsym.pfb></usr/share/texlive/texmf-dis
t/fonts/type1/public/newtx/txsys.pfb></usr/share/texlive/texmf-dist/fonts/type1
/public/newtx/ztmb.pfb></usr/share/texlive/texmf-dist/fonts/type1/public/newtx/
ztmr.pfb></usr/share/texlive/texmf-dist/fonts/type1/public/newtx/ztmri.pfb>
Output written on main.pdf (39 pages, 362144 bytes).
Transcript written on main.log.
