This is pdfTeX, Version 3.141592653-2.6-1.40.25 (TeX Live 2023/Debian) (preloaded format=pdflatex)
 restricted \write18 enabled.
entering extended mode
(./electronic_companion.tex
LaTeX2e <2023-11-01> patch level 1
L3 programming layer <2024-01-22>
(/usr/share/texlive/texmf-dist/tex/latex/base/article.cls
Document Class: article 2023/05/17 v1.4n Standard LaTeX document class
(/usr/share/texlive/texmf-dist/tex/latex/base/size11.clo))
(/usr/share/texlive/texmf-dist/tex/latex/geometry/geometry.sty
(/usr/share/texlive/texmf-dist/tex/latex/graphics/keyval.sty)
(/usr/share/texlive/texmf-dist/tex/generic/iftex/ifvtex.sty
(/usr/share/texlive/texmf-dist/tex/generic/iftex/iftex.sty)))
(/usr/share/texlive/texmf-dist/tex/latex/base/fontenc.sty)
(/usr/share/texlive/texmf-dist/tex/latex/amsmath/amsmath.sty
For additional information on amsmath, use the `?' option.
(/usr/share/texlive/texmf-dist/tex/latex/amsmath/amstext.sty
(/usr/share/texlive/texmf-dist/tex/latex/amsmath/amsgen.sty))
(/usr/share/texlive/texmf-dist/tex/latex/amsmath/amsbsy.sty)
(/usr/share/texlive/texmf-dist/tex/latex/amsmath/amsopn.sty))
(/usr/share/texlive/texmf-dist/tex/latex/amscls/amsthm.sty)
(/usr/share/texlive/texmf-dist/tex/latex/booktabs/booktabs.sty)
(/usr/share/texlive/texmf-dist/tex/latex/tools/array.sty)
(/usr/share/texlive/texmf-dist/tex/latex/tools/longtable.sty)
(/usr/share/texlive/texmf-dist/tex/latex/newtx/newtxtext.sty
`newtxtext' v1.737, 2024/01/11 Text macros taking advantage of TeXGyre Termes a
nd its extensions (msharpe)
(/usr/share/texlive/texmf-dist/tex/latex/xpatch/xpatch.sty
(/usr/share/texlive/texmf-dist/tex/latex/l3kernel/expl3.sty
(/usr/share/texlive/texmf-dist/tex/latex/l3backend/l3backend-pdftex.def))
(/usr/share/texlive/texmf-dist/tex/latex/l3packages/xparse/xparse.sty)
(/usr/share/texlive/texmf-dist/tex/latex/etoolbox/etoolbox.sty))
(/usr/share/texlive/texmf-dist/tex/latex/xcolor/xcolor.sty
(/usr/share/texlive/texmf-dist/tex/latex/graphics-cfg/color.cfg)
(/usr/share/texlive/texmf-dist/tex/latex/graphics-def/pdftex.def)
(/usr/share/texlive/texmf-dist/tex/latex/graphics/mathcolor.ltx))
(/usr/share/texlive/texmf-dist/tex/latex/xkeyval/xkeyval.sty
(/usr/share/texlive/texmf-dist/tex/generic/xkeyval/xkeyval.tex
(/usr/share/texlive/texmf-dist/tex/generic/xkeyval/xkvutils.tex)))
(/usr/share/texlive/texmf-dist/tex/latex/base/textcomp.sty)
(/usr/share/texlive/texmf-dist/tex/generic/xstring/xstring.sty
(/usr/share/texlive/texmf-dist/tex/generic/xstring/xstring.tex))
(/usr/share/texlive/texmf-dist/tex/latex/base/ifthen.sty)
(/usr/share/texlive/texmf-dist/tex/latex/carlisle/scalefnt.sty)
(/usr/share/texlive/texmf-dist/tex/generic/kastrup/binhex.tex)
(/usr/share/texlive/texmf-dist/tex/latex/fontaxes/fontaxes.sty))
(/usr/share/texlive/texmf-dist/tex/latex/newtx/newtxmath.sty
`newtxmath' v1.732, 2023/11/05 Math macros based originally on txfonts (msharpe
) (/usr/share/texlive/texmf-dist/tex/latex/oberdiek/centernot.sty)
(/usr/share/texlive/texmf-dist/tex/generic/kastrup/binhex.tex)
amsthm NOT loaded
) (/usr/share/texlive/texmf-dist/tex/latex/natbib/natbib.sty)
(/usr/share/texlive/texmf-dist/tex/latex/setspace/setspace.sty)
(/usr/share/texlive/texmf-dist/tex/latex/hyperref/xr-hyper.sty)
(/usr/share/texlive/texmf-dist/tex/latex/hyperref/hyperref.sty
(/usr/share/texlive/texmf-dist/tex/latex/kvsetkeys/kvsetkeys.sty)
(/usr/share/texlive/texmf-dist/tex/generic/kvdefinekeys/kvdefinekeys.sty)
(/usr/share/texlive/texmf-dist/tex/generic/pdfescape/pdfescape.sty
(/usr/share/texlive/texmf-dist/tex/generic/ltxcmds/ltxcmds.sty)
(/usr/share/texlive/texmf-dist/tex/generic/pdftexcmds/pdftexcmds.sty
(/usr/share/texlive/texmf-dist/tex/generic/infwarerr/infwarerr.sty)))
(/usr/share/texlive/texmf-dist/tex/latex/hycolor/hycolor.sty)
(/usr/share/texlive/texmf-dist/tex/latex/auxhook/auxhook.sty)
(/usr/share/texlive/texmf-dist/tex/latex/hyperref/nameref.sty
(/usr/share/texlive/texmf-dist/tex/latex/refcount/refcount.sty)
(/usr/share/texlive/texmf-dist/tex/generic/gettitlestring/gettitlestring.sty
(/usr/share/texlive/texmf-dist/tex/latex/kvoptions/kvoptions.sty)))
(/usr/share/texlive/texmf-dist/tex/latex/hyperref/pd1enc.def)
(/usr/share/texlive/texmf-dist/tex/generic/intcalc/intcalc.sty)
(/usr/share/texlive/texmf-dist/tex/latex/hyperref/puenc.def)
(/usr/share/texlive/texmf-dist/tex/latex/url/url.sty)
(/usr/share/texlive/texmf-dist/tex/generic/bitset/bitset.sty
(/usr/share/texlive/texmf-dist/tex/generic/bigintcalc/bigintcalc.sty))
(/usr/share/texlive/texmf-dist/tex/latex/base/atbegshi-ltx.sty))
(/usr/share/texlive/texmf-dist/tex/latex/hyperref/hpdftex.def
(/usr/share/texlive/texmf-dist/tex/latex/base/atveryend-ltx.sty)
(/usr/share/texlive/texmf-dist/tex/latex/rerunfilecheck/rerunfilecheck.sty
(/usr/share/texlive/texmf-dist/tex/generic/uniquecounter/uniquecounter.sty)))
(/usr/share/texlive/texmf-dist/tex/latex/fancyhdr/fancyhdr.sty)
(/usr/share/texlive/texmf-dist/tex/latex/endfloat/endfloat.sty)
(/usr/share/texlive/texmf-dist/tex/latex/newtx/t1ntxtlf.fd)
No file electronic_companion.aux.
(/usr/share/texlive/texmf-dist/tex/latex/newtx/omlntxmi.fd)
(/usr/share/texlive/texmf-dist/tex/latex/newtx/untxexa.fd)
(/usr/share/texlive/texmf-dist/tex/latex/newtx/lmsntxsy.fd)
(/usr/share/texlive/texmf-dist/tex/latex/newtx/lmxntxexx.fd)
*geometry* driver: auto-detecting
*geometry* detected driver: pdftex
(/usr/share/texlive/texmf-dist/tex/context/base/mkii/supp-pdf.mkii
[Loading MPS to PDF converter (version 2006.09.02).]
) (/usr/share/texlive/texmf-dist/tex/latex/newtx/ot1minntx.fd)
(/usr/share/texlive/texmf-dist/tex/latex/newtx/untxmia.fd)
(/usr/share/texlive/texmf-dist/tex/latex/newtx/untxsym.fd)
(/usr/share/texlive/texmf-dist/tex/latex/newtx/untxsyc.fd) [1{/var/lib/texmf/fo
nts/map/pdftex/updmap/pdftex.map}{/usr/share/texlive/texmf-dist/fonts/enc/dvips
/newtx/ntx-ec-tlf.enc}{/usr/share/texlive/texmf-dist/fonts/enc/dvips/newtx/ntx-
ot1-tlf.enc}]

LaTeX Warning: Reference `sec:accepted' on page 2 undefined on input line 155.

[2]

LaTeX Warning: Reference `eq:static' on page 3 undefined on input line 189.


LaTeX Warning: Reference `prop:accepted-jensen' on page 3 undefined on input li
ne 190.

[3]

LaTeX Warning: Reference `eq:master' on page 4 undefined on input line 207.


LaTeX Warning: Reference `eq:flow' on page 4 undefined on input line 207.

[4]

LaTeX Warning: Reference `eq:paretogain' on page 5 undefined on input line 242.



LaTeX Warning: Reference `eq:dual' on page 5 undefined on input line 247.


LaTeX Warning: Reference `eq:stock-pin' on page 5 undefined on input line 262.


LaTeX Warning: Reference `eq:stock-pin' on page 5 undefined on input line 265.

[5]

LaTeX Warning: Reference `lem:stock-pin' on page 6 undefined on input line 280.



LaTeX Warning: Reference `eq:dual' on page 6 undefined on input line 286.

[6]

LaTeX Warning: Reference `tab:accepted-hierarchy' on page 7 undefined on input 
line 313.


LaTeX Warning: Reference `lem:stock-pin' on page 7 undefined on input line 316.



LaTeX Warning: Reference `eq:accepted-payment' on page 7 undefined on input lin
e 316.


LaTeX Warning: Reference `eq:restricted-qp' on page 7 undefined on input line 3
16.


LaTeX Warning: Reference `prop:accepted-jensen' on page 7 undefined on input li
ne 316.

[7] (electronic_companion.ttt) [8] [9]

LaTeX Warning: Reference `sec:r19-experiment' on page 10 undefined on input lin
e 398.

[10]

LaTeX Warning: Reference `eq:r10-subtrees' on page 11 undefined on input line 4
29.

[11]

LaTeX Warning: Reference `eq:r10-edge-condition' on page 12 undefined on input 
line 445.


LaTeX Warning: Reference `eq:r10-edge-condition' on page 12 undefined on input 
line 448.

[12] [13]

LaTeX Warning: Reference `eq:r12-certificate' on page 14 undefined on input lin
e 508.

[14]

LaTeX Warning: Reference `eq:r12-loss-split' on page 15 undefined on input line
 557.

[15]

LaTeX Warning: Reference `eq:r12-gradient-loss' on page 16 undefined on input l
ine 559.


Package natbib Warning: Citation `Hoeffding1963' on page 16 undefined on input 
line 577.


LaTeX Warning: Reference `sec:r13-experiment' on page 16 undefined on input lin
e 577.


Package natbib Warning: Citation `Satija2020' on page 16 undefined on input lin
e 577.


Package natbib Warning: Citation `WachiSui2020' on page 16 undefined on input l
ine 577.

[16]

LaTeX Warning: Reference `thm:r12-face' on page 17 undefined on input line 584.



LaTeX Warning: Reference `eq:r12-certificate' on page 17 undefined on input lin
e 588.


LaTeX Warning: Reference `eq:r13-leakage' on page 17 undefined on input line 61
0.


LaTeX Warning: Reference `eq:r13-gap' on page 17 undefined on input line 610.


Package natbib Warning: Citation `BoydVandenberghe2004' on page 17 undefined on
 input line 616.


Package natbib Warning: Citation `Fercoq2015' on page 17 undefined on input lin
e 616.

[17]

LaTeX Warning: Reference `thm:r13-leakage' on page 18 undefined on input line 6
25.


LaTeX Warning: Reference `eq:r13-cell-problem' on page 18 undefined on input li
ne 650.


LaTeX Warning: Reference `eq:r13-region' on page 18 undefined on input line 650
.

[18]

LaTeX Warning: Reference `eq:r13-cell-system' on page 19 undefined on input lin
e 653.


LaTeX Warning: Reference `eq:r13-radius' on page 19 undefined on input line 653
.


LaTeX Warning: Reference `thm:r13-leakage' on page 19 undefined on input line 6
57.


Package natbib Warning: Citation `Bemporad2002' on page 19 undefined on input l
ine 659.


Package natbib Warning: Citation `ArnoldTibshirani2016' on page 19 undefined on
 input line 659.


LaTeX Warning: Reference `eq:r13-gap' on page 19 undefined on input line 659.

[19] [20]

LaTeX Warning: Reference `eq:r14-critical' on page 21 undefined on input line 7
22.


LaTeX Warning: Reference `eq:r14-root' on page 21 undefined on input line 722.


Package natbib Warning: Citation `PatrikssonStromberg2015' on page 21 undefined
 on input line 725.

[21]

LaTeX Warning: Reference `eq:r14-response' on page 22 undefined on input line 7
50.


LaTeX Warning: Reference `eq:r14-residual' on page 22 undefined on input line 7
52.


LaTeX Warning: Reference `eq:r14-prior' on page 22 undefined on input line 760.



LaTeX Warning: Reference `eq:r14-gradient' on page 22 undefined on input line 7
60.

[22]

LaTeX Warning: Reference `eq:r14-fenchel' on page 23 undefined on input line 77
1.


LaTeX Warning: Reference `eq:r14-response' on page 23 undefined on input line 7
71.

[23] [24]

LaTeX Warning: Reference `eq:r23-repair' on page 25 undefined on input line 826
.


LaTeX Warning: Reference `eq:r23-outer' on page 25 undefined on input line 835.


[25]

LaTeX Warning: Reference `eq:r23-outer' on page 26 undefined on input line 846.


[26]
Underfull \hbox (badness 4454) in paragraph at lines 892--893
[]\T1/ntxtlf/m/n/10.95 Bertsimas D, Sim M (2004) The price of ro-bust-ness. \T1
/ntxtlf/m/it/10.95 Op-er-a-tions Re-search \T1/ntxtlf/m/n/10.95 52(1):35--53.
[27] [28]

Package natbib Warning: There were undefined citations.

AED endfloat: Processing end Figures and Tables [29]
(./electronic_companion.ttt

LaTeX Warning: Reference `lem:stock-pin' on page 30 undefined on input line 12.


) [30] (./electronic_companion.aux

Package natbib Warning: Citation(s) may have changed.
(natbib)                Rerun to get citations correct.

)

LaTeX Warning: There were undefined references.


LaTeX Warning: Label(s) may have changed. Rerun to get cross-references right.


Package rerunfilecheck Warning: File `electronic_companion.out' has changed.
(rerunfilecheck)                Rerun to get outlines right
(rerunfilecheck)                or use package `bookmark'.

 )
(see the transcript file for additional information)</usr/share/texlive/texmf-d
ist/fonts/type1/public/newtx/NewTXMI.pfb></usr/share/texlive/texmf-dist/fonts/t
ype1/public/newtx/NewTXMI5.pfb></usr/share/texlive/texmf-dist/fonts/type1/publi
c/newtx/NewTXMI7.pfb></usr/share/texlive/texmf-dist/fonts/type1/public/newtx/tx
exs.pfb></usr/share/texlive/texmf-dist/fonts/type1/public/newtx/txmiaX.pfb></us
r/share/texlive/texmf-dist/fonts/type1/public/newtx/txsym.pfb></usr/share/texli
ve/texmf-dist/fonts/type1/public/newtx/txsys.pfb></usr/share/texlive/texmf-dist
/fonts/type1/public/newtx/ztmb.pfb></usr/share/texlive/texmf-dist/fonts/type1/p
ublic/newtx/ztmr.pfb></usr/share/texlive/texmf-dist/fonts/type1/public/newtx/zt
mri.pfb>
Output written on electronic_companion.pdf (30 pages, 328644 bytes).
Transcript written on electronic_companion.log.
