Prepared the preserved R6 portions of the R7 manuscript.

kpathsea: Running mktexpk --mfmode / --bdpi 600 --mag 1+0/600 --dpi 600 ecrm1095
mktexpk: Running mf-nowin -progname=mf \mode:=ljfour; mag:=1+0/600; nonstopmode; input ecrm1095
This is METAFONT, Version 2.71828182 (TeX Live 2023/Debian) (preloaded base=mf)

(/usr/share/texlive/texmf-dist/fonts/source/jknappen/ec/ecrm1095.mf
(/usr/share/texlive/texmf-dist/fonts/source/jknappen/ec/exbase.mf)
(/usr/share/texlive/texmf-dist/fonts/source/jknappen/ec/ecrm.mf
(/usr/share/texlive/texmf-dist/fonts/source/jknappen/ec/exroman.mf
 Ok (/usr/share/texlive/texmf-dist/fonts/source/jknappen/ec/exaccess.mf
 Ok) (/usr/share/texlive/texmf-dist/fonts/source/jknappen/ec/expseudo.mf
 Ok) (/usr/share/texlive/texmf-dist/fonts/source/jknappen/ec/exruwest.mf
 Ok [192] [193] [194] [195] [196] [197] [198] [199] [200] [201] [202] [203]
[204] [205] [206] [207] [208] [209] [210] [211] [212] [213] [214] [215]
[216] [217] [218] [219] [220] [221] [222] [223])
(/usr/share/texlive/texmf-dist/fonts/source/jknappen/ec/exrlwest.mf
 Ok [224] [225] [226] [227] [228] [229] [230] [231] [232] [233] [234] [235]
[236] [237] [238] [239] [240] [241] [242] [243] [244] [245] [246] [247]
[248] [249] [250] [251] [252] [253] [254] [255])
(/usr/share/texlive/texmf-dist/fonts/source/jknappen/ec/exrueast.mf
 Ok [128] [129] [130] [131] [132] [133] [134] [135] [136] [137] [138] [139]
[140] [141] [142] [143] [144] [145] [146] [147] [148] [149] [150] [151]
[152] [153] [154] [155] [156] [157])
(/usr/share/texlive/texmf-dist/fonts/source/jknappen/ec/exrleast.mf
 Ok [158] [160] [161] [162] [163] [164] [165] [166] [167] [168] [169] [170]
[171] [172] [173] [174] [175] [176] [177] [178] [179] [180] [181] [182]
[183] [184] [185] [186] [187] [188])
(/usr/share/texlive/texmf-dist/fonts/source/jknappen/ec/exbraces.mf
 Ok [94] [126] [23] [40] [41] [60] [124] [62] [91] [93] [92] [123] [125]
[95] [127] [32])
(/usr/share/texlive/texmf-dist/fonts/source/jknappen/ec/expunct.mf
 Ok [14] [15] [19] [20] [13] [18] [33] [39] [42] [43] [44] [46] [47] [58]
[59] [61] [96] [189] [17] [45] [16] [21] [22])
(/usr/share/texlive/texmf-dist/fonts/source/jknappen/ec/exaccent.mf
 Ok [0] [1] [2] [3] [4] [5] [6] [7] [8] [9] [10] [11] [12])
(/usr/share/texlive/texmf-dist/fonts/source/jknappen/ec/exsign.mf
 Ok [24] [34] [35] [36] [37] [64] [191] [159])
(/usr/share/texlive/texmf-dist/fonts/source/jknappen/ec/exrlig.mf
 Ok [25] [26] [28] [27] [29] [30] [31])
(/usr/share/texlive/texmf-dist/fonts/source/jknappen/ec/exromp.mf
 Ok [38] [63] [190])
(/usr/share/texlive/texmf-dist/fonts/source/jknappen/ec/exrulett.mf
 Ok [65] [66] [67] [68] [69] [70] [71] [72] [73] [74] [75] [76] [77] [78]
[79] [80] [81] [82] [83] [84] [85] [86] [87] [88] [89] [90])
(/usr/share/texlive/texmf-dist/fonts/source/jknappen/ec/exrllett.mf
 Ok [97] [98] [99] [100] [101] [102] [103] [104] [105] [106] [107] [108]
[109] [110] [111] [112] [113] [114] [115] [116] [117] [118] [119] [120]
[121] [122])
(/usr/share/texlive/texmf-dist/fonts/source/jknappen/ec/exrdigit.mf
 Ok [48] [49] [50] [51] [52] [53] [54] [55] [56] [57])
(/usr/share/texlive/texmf-dist/fonts/source/jknappen/ec/exrligtb.mf
 Ok) ) ) )
(some charht values had to be adjusted by as much as 0.07599pt)
Font metrics written on ecrm1095.tfm.
Output written on ecrm1095.600gf (256 characters, 55424 bytes).
Transcript written on ecrm1095.log.
mktexpk: /home/runner/.texlive2023/texmf-var/fonts/pk/ljfour/jknappen/ec/ecrm1095.600pk: successfully generated.
{
  "status": "PASS",
  "abstract_words": 170,
  "predecessor_inputs": 19,
  "preserved_input_paths": [
    "revisions/or-r4-20260920/tables.tex",
    "revisions/or-r6-20260921/sections/accounting.tex",
    "revisions/or-r6-20260921/sections/operational_continuous.tex",
    "revisions/or-r6-20260921/sections/retained_diffusion.tex",
    "revisions/or-r6-20260921/sections/retained_history.tex",
    "revisions/or-r6-20260921/sections/retained_study.tex",
    "revisions/or-r7-20260921/sections/accepted.tex",
    "revisions/or-r7-20260921/sections/accepted_continuous.tex",
    "revisions/or-r7-20260921/sections/accepted_learning.tex",
    "revisions/or-r7-20260921/sections/constructive_critics.tex",
    "revisions/or-r7-20260921/sections/diagnostics.tex",
    "revisions/or-r7-20260921/sections/extensions.tex",
    "revisions/or-r7-20260921/sections/inaction.tex",
    "revisions/or-r7-20260921/sections/interim_certificate.tex",
    "revisions/or-r7-20260921/sections/legacy_study.tex",
    "revisions/or-r7-20260921/sections/model_structure.tex",
    "revisions/or-r7-20260921/sections/retained_ec_front.tex",
    "revisions/or-r7-20260921/sections/study.tex"
  ],
  "replacement_bibliography_preserves_all_keys": true,
  "integrated_source_files": 42,
  "pdfs": {
    "main.pdf": {
      "pages": 32,
      "sha256": "dd7bcea0130bca514265c6c0c78b22324836bdf0629e910fd530d40daa74006f"
    },
    "electronic_companion.pdf": {
      "pages": 22,
      "sha256": "4a29195eff20a55a984cfeb76d6def537630d72ff413ee4628aa66649d2b0bf5"
    },
    "historical_supplement.pdf": {
      "pages": 26,
      "sha256": "e98429d36b1b1b5ed113423e50747d64f6158f9e186d69c4f25b8de543e2c370"
    }
  }
}
