{"general": 180, "cut": 48, "exact_threshold": "72/155"}
cycle-920000 static range 0.1606698322 0.639715719 cold gap 1.4225822776604006e-08
cycle-920001 static range 0.5871732406 1.0 cold gap 1.7234794148087152e-10
cycle-920002 static range 0.1947515284 0.8910448853 cold gap 1.53593012432859e-12
cycle-920003 static range 0.2536625164 0.7035357553 cold gap 2.3805999329188907e-11
cycle-920004 static range 1.0 1.0 cold gap 6.351860393603936e-22
cycle-920005 static range 0.0 0.3444685475 cold gap 1.003220213692599e-08
cycle-920006 static range 0.3371812369 0.8981207493 cold gap 5.869353685951984e-12
cycle-920007 static range 0.6898116472 0.9320309798 cold gap 2.278719629424148e-11
cycle-920008 static range 0.1267722525 0.3162096078 cold gap 1.0158160972870837e-09
cycle-920009 static range 0.1832506003 0.6608586647 cold gap 1.5554198565368436e-12
cycle-920010 static range 1.0 1.0 cold gap 0.0
cycle-920011 static range 0.0 0.2958634064 cold gap 6.537449491470104e-11
erdos-920000 static range 0.1843786317 0.7017232527 cold gap 5.890598867252187e-11
erdos-920001 static range 0.6031385131 1.0 cold gap 5.853899035184393e-09
erdos-920002 static range 0.1791016653 0.8956212226 cold gap 7.794452482443859e-08
erdos-920003 static range 0.188887683 0.7123560672 cold gap 8.300281852289131e-08
erdos-920004 static range 1.0 1.0 cold gap 3.537649334802468e-21
erdos-920005 static range 0.0 0.3375058931 cold gap 2.578229319930781e-09
erdos-920006 static range 0.2881464561 0.911142577 cold gap 3.444936883950757e-11
erdos-920007 static range 0.3526151789 0.9279962797 cold gap 6.38083703604152e-08
erdos-920008 static range 0.0948040347 0.3312916778 cold gap 2.844842365919083e-09
erdos-920009 static range 0.2483531614 0.6742725203 cold gap 2.4380815210914287e-08
erdos-920010 static range 1.0 1.0 cold gap 2.8475123541717938e-21
erdos-920011 static range 0.0 0.3361388813 cold gap 9.040618914795456e-10
geometric-920000 static range 0.293567009 0.6781849979 cold gap 1.070933015363569e-08
geometric-920001 static range 0.3764870652 1.0 cold gap 3.025869676081527e-08
geometric-920002 static range 0.2671990978 0.876425977 cold gap 8.140973918633915e-10
geometric-920003 static range 0.3501106224 0.8583333035 cold gap 1.1869776673308759e-08
geometric-920004 static range 1.0 1.0 cold gap 5.526275403056444e-22
geometric-920005 static range 0.0314915538 0.3442383477 cold gap 6.524628751663619e-10
geometric-920006 static range 0.2984494204 0.9134982791 cold gap 9.432547827728847e-08
geometric-920007 static range 0.2770777448 0.9629873371 cold gap 1.2970347145607923e-08
geometric-920008 static range 0.1896212145 0.5112987331 cold gap 4.841900914902914e-08
geometric-920009 static range 0.3077290735 0.6819272502 cold gap 1.2236930669058111e-09
geometric-920010 static range 1.0 1.0 cold gap 3.4194169816807215e-22
geometric-920011 static range 0.0362556206 0.3363082522 cold gap 9.634353438428324e-10
weighted_block-920000 static range 0.3459783897 0.6812668177 cold gap 2.0971429135853776e-08
weighted_block-920001 static range 0.535022754 0.9799185046 cold gap 2.4777897776179798e-08
weighted_block-920002 static range 0.3587435481 0.8048439775 cold gap 3.5253440354506945e-08
weighted_block-920003 static range 0.3997838788 0.9586378086 cold gap 1.6183164819175595e-08
weighted_block-920004 static range 1.0 1.0 cold gap 4.2204169836501824e-21
weighted_block-920005 static range 0.207959853 0.3393448291 cold gap 4.3180786505307404e-08
weighted_block-920006 static range 0.3420922667 0.8154061921 cold gap 8.629798294264487e-08
weighted_block-920007 static range 0.5823469633 0.9562485381 cold gap 6.750035243537878e-09
weighted_block-920008 static range 0.2064728079 0.7858834292 cold gap 4.317123019817339e-08
weighted_block-920009 static range 0.3686445343 0.8818319104 cold gap 2.5086375745594165e-08
weighted_block-920010 static range 1.0 1.0 cold gap 3.988781949644819e-21
weighted_block-920011 static range 0.1794133092 0.3314875128 cold gap 8.777362083674511e-08
old cycle-4-3-33001
old cycle-4-3-33002
old erdos-8-3-33001
old erdos-8-3-33002
old geometric-8-4-33001
old geometric-8-4-33002
old weighted_block-32-5-33001
old weighted_block-32-5-33002
timing cycle
timing erdos
timing geometric
timing weighted_block
{
  "environment": {
    "python": "3.13.15 (main, Aug  6 2026, 02:15:18) [GCC 13.3.0]",
    "numpy": "2.3.5",
    "scipy": "1.17.0",
    "platform": "Linux-6.17.0-1022-azure-x86_64-with-glibc2.39",
    "processor": "x86_64",
    "threads": {
      "OPENBLAS_NUM_THREADS": "1",
      "OMP_NUM_THREADS": "1"
    }
  },
  "instances": 48,
  "deployments": 432,
  "frozen_training_seeds": [
    12000,
    12001,
    12002,
    12003
  ],
  "noncentered_static_min": 0.0,
  "noncentered_static_max": 1.0,
  "static_boundary_instances": 15,
  "static_max_bound": 5.090130684663065e-14,
  "groups": [
    {
      "family": "cycle",
      "method": "cold_slsqp",
      "n": 12,
      "final_max_bound": 1.4225822776604006e-08,
      "final_mean_gain": 0.004604665781680729,
      "1e-05": {
        "met": 12,
        "median_ms": 11.95270750000077,
        "mean_ms": 10.38477908333372
      },
      "1e-07": {
        "met": 12,
        "median_ms": 13.688629999990098,
        "mean_ms": 12.4519009999986
      }
    },
    {
      "family": "cycle",
      "method": "value",
      "n": 48,
      "final_max_bound": 6.236025669212577e-08,
      "final_mean_gain": 0.004604664936204699,
      "1e-05": {
        "met": 48,
        "median_ms": 19.316172500012385,
        "mean_ms": 17.628325479162044
      },
      "1e-07": {
        "met": 48,
        "median_ms": 19.603839499993114,
        "mean_ms": 18.928311833329065
      },
      "pre_repair_feasible": 9,
      "mean_radial_scale": 0.933400195267451,
      "mean_before_gain": -0.8182371466466433,
      "mean_radial_gain": -0.8228496746977703,
      "mean_projection_gain": -0.818182401909784,
      "mean_segment_gain": -0.8217273133621094,
      "mean_flow_gain": 0.0022821113506991514,
      "mean_radial_loss": 0.004612528051127004,
      "mean_projection_loss": -5.4744736859159535e-05,
      "initial_static": 10,
      "immediate_1e7": 8
    },
    {
      "family": "cycle",
      "method": "gradient",
      "n": 48,
      "final_max_bound": 7.825299678631173e-08,
      "final_mean_gain": 0.004604664301230779,
      "1e-05": {
        "met": 48,
        "median_ms": 19.149161000001413,
        "mean_ms": 17.420631270832487
      },
      "1e-07": {
        "met": 48,
        "median_ms": 19.405999999989376,
        "mean_ms": 18.547683062498283
      },
      "pre_repair_feasible": 13,
      "mean_radial_scale": 0.9529500286506029,
      "mean_before_gain": -0.7616036312620503,
      "mean_radial_gain": -0.766386818866221,
      "mean_projection_gain": -0.7619991219029906,
      "mean_segment_gain": -0.7652518226672594,
      "mean_flow_gain": 0.0023205226278813634,
      "mean_radial_loss": 0.004783187604170716,
      "mean_projection_loss": 0.0003954906409401628,
      "initial_static": 8,
      "immediate_1e7": 8
    },
    {
      "family": "erdos",
      "method": "cold_slsqp",
      "n": 12,
      "final_max_bound": 8.300281852289131e-08,
      "final_mean_gain": 0.005109708369256571,
      "1e-05": {
        "met": 12,
        "median_ms": 30.903703999996424,
        "mean_ms": 28.25219091666516
      },
      "1e-07": {
        "met": 12,
        "median_ms": 35.78493399999161,
        "mean_ms": 32.90448108333285
      }
    },
    {
      "family": "erdos",
      "method": "value",
      "n": 48,
      "final_max_bound": 7.526912749994629e-08,
      "final_mean_gain": 0.005109711447976247,
      "1e-05": {
        "met": 48,
        "median_ms": 42.92795049997267,
        "mean_ms": 42.1234321874954
      },
      "1e-07": {
        "met": 48,
        "median_ms": 49.52841599998692,
        "mean_ms": 47.186733520830394
      },
      "pre_repair_feasible": 8,
      "mean_radial_scale": 0.9373378790299213,
      "mean_before_gain": -0.8192381875249121,
      "mean_radial_gain": -0.8215495351670766,
      "mean_projection_gain": -0.8188983768495279,
      "mean_segment_gain": -0.8230962076266878,
      "mean_flow_gain": 0.0028534468586642243,
      "mean_radial_loss": 0.0023113476421646045,
      "mean_projection_loss": -0.0003398106753841285,
      "initial_static": 8,
      "immediate_1e7": 8
    },
    {
      "family": "erdos",
      "method": "gradient",
      "n": 48,
      "final_max_bound": 8.831909364307495e-08,
      "final_mean_gain": 0.005109710822703107,
      "1e-05": {
        "met": 48,
        "median_ms": 43.297295500011046,
        "mean_ms": 41.92271387500076
      },
      "1e-07": {
        "met": 48,
        "median_ms": 49.91448050002134,
        "mean_ms": 47.7894297916676
      },
      "pre_repair_feasible": 8,
      "mean_radial_scale": 0.9591231264927398,
      "mean_before_gain": -0.7621278580966934,
      "mean_radial_gain": -0.7642318018708708,
      "mean_projection_gain": -0.7622376084267434,
      "mean_segment_gain": -0.7666539724593809,
      "mean_flow_gain": 0.0029340910163666335,
      "mean_radial_loss": 0.002103943774177273,
      "mean_projection_loss": 0.00010975033004969317,
      "initial_static": 7,
      "immediate_1e7": 8
    },
    {
      "family": "geometric",
      "method": "cold_slsqp",
      "n": 12,
      "final_max_bound": 9.432547827728847e-08,
      "final_mean_gain": 0.0037307653251401375,
      "1e-05": {
        "met": 12,
        "median_ms": 54.24328300000525,
        "mean_ms": 51.64428691666956
      },
      "1e-07": {
        "met": 12,
        "median_ms": 67.84197650000579,
        "mean_ms": 61.63490166666937
      }
    },
    {
      "family": "geometric",
      "method": "value",
      "n": 48,
      "final_max_bound": 9.667200030313746e-08,
      "final_mean_gain": 0.003730763643280996,
      "1e-05": {
        "met": 48,
        "median_ms": 73.05835500000057,
        "mean_ms": 69.9144694166763
      },
      "1e-07": {
        "met": 48,
        "median_ms": 88.61904649999985,
        "mean_ms": 80.99178937500777
      },
      "pre_repair_feasible": 9,
      "mean_radial_scale": 0.9498640520701995,
      "mean_before_gain": -1.4773449244271148,
      "mean_radial_gain": -1.4802894992477915,
      "mean_projection_gain": -1.476462299626264,
      "mean_segment_gain": -1.4773086393187305,
      "mean_flow_gain": 0.001548002774281104,
      "mean_radial_loss": 0.002944574820677281,
      "mean_projection_loss": -0.0008826248008505476,
      "initial_static": 20,
      "immediate_1e7": 8
    },
    {
      "family": "geometric",
      "method": "gradient",
      "n": 48,
      "final_max_bound": 9.744687270839176e-08,
      "final_mean_gain": 0.0037307661330494833,
      "1e-05": {
        "met": 48,
        "median_ms": 73.54113950000851,
        "mean_ms": 70.24272747916467
      },
      "1e-07": {
        "met": 48,
        "median_ms": 86.91472399996769,
        "mean_ms": 81.39783847916367
      },
      "pre_repair_feasible": 10,
      "mean_radial_scale": 0.9714578883483561,
      "mean_before_gain": -1.4383445386435454,
      "mean_radial_gain": -1.4406689669438624,
      "mean_projection_gain": -1.4383292081115397,
      "mean_segment_gain": -1.4396635324221745,
      "mean_flow_gain": 0.001785446472040643,
      "mean_radial_loss": 0.0023244283003171066,
      "mean_projection_loss": -1.5330532005625128e-05,
      "initial_static": 15,
      "immediate_1e7": 8
    },
    {
      "family": "weighted_block",
      "method": "cold_slsqp",
      "n": 12,
      "final_max_bound": 8.777362083674511e-08,
      "final_mean_gain": 0.0019230526329992899,
      "1e-05": {
        "met": 12,
        "median_ms": 83.48305149999646,
        "mean_ms": 79.69783533333441
      },
      "1e-07": {
        "met": 12,
        "median_ms": 113.02702849999946,
        "mean_ms": 102.58563225000235
      }
    },
    {
      "family": "weighted_block",
      "method": "value",
      "n": 48,
      "final_max_bound": 8.777362083674511e-08,
      "final_mean_gain": 0.0019230526329992897,
      "1e-05": {
        "met": 48,
        "median_ms": 110.87127650003481,
        "mean_ms": 108.32295370833833
      },
      "1e-07": {
        "met": 48,
        "median_ms": 140.69407099999864,
        "mean_ms": 131.18535093750398
      },
      "pre_repair_feasible": 8,
      "mean_radial_scale": 0.9563298734437389,
      "mean_before_gain": -2.091204907993519,
      "mean_radial_gain": -2.09518421906021,
      "mean_projection_gain": -2.0903154792893046,
      "mean_segment_gain": -2.0794977029905457,
      "mean_flow_gain": -0.0035607314751524666,
      "mean_radial_loss": 0.003979311066691875,
      "mean_projection_loss": -0.0008894287042144033,
      "initial_static": 48,
      "immediate_1e7": 8
    },
    {
      "family": "weighted_block",
      "method": "gradient",
      "n": 48,
      "final_max_bound": 8.777362083674511e-08,
      "final_mean_gain": 0.0019230526329992897,
      "1e-05": {
        "met": 48,
        "median_ms": 110.67643449999309,
        "mean_ms": 106.56893316666505
      },
      "1e-07": {
        "met": 48,
        "median_ms": 139.05851350003218,
        "mean_ms": 129.36803281250005
      },
      "pre_repair_feasible": 9,
      "mean_radial_scale": 0.9757693718190366,
      "mean_before_gain": -2.0669286176900274,
      "mean_radial_gain": -2.070260945885472,
      "mean_projection_gain": -2.066848881983177,
      "mean_segment_gain": -2.0582682866518343,
      "mean_flow_gain": -0.0022731670219335136,
      "mean_radial_loss": 0.003332328195444691,
      "mean_projection_loss": -7.97357068505521e-05,
      "initial_static": 46,
      "immediate_1e7": 8
    }
  ],
  "crossed_projection_difference": {
    "mean": 0.0436109343126076,
    "percentile95": [
      -0.40436822131239764,
      0.45073163841569486
    ],
    "interpretation": "Descriptive crossed bootstrap over training seeds and common replication blocks jointly across four fixed graph families; only four training seeds."
  }
}
{"verified_certificates": 2682, "exact_subtree_checks": 35742, "exact_tier_checks": 535658, "static_comparators_verified": 48, "new_deployments": 432, "all_claimed_tolerances_exact": true, "all_final_new_rewards_at_least_static": true, "numerical_optimizer_imported": false, "retimed_deployments_verified": 60, "finite_difference_oracles_verified": 84}
{
  "RtwInstances": 48,
  "RtwDeployments": 432,
  "RtwBoundaryInstances": 15,
  "RtwStaticGap": "\\ensuremath{5.09\\times10^{-14}}",
  "RtwCertificates": 2682,
  "RtwSubtrees": 35742,
  "RtwTiers": 535658,
  "RtwFinalGap": "\\ensuremath{9.74\\times10^{-8}}",
  "RtwLargeGap": "\\ensuremath{4.97\\times10^{-10}}",
  "RtwPairedMean": "0.043611",
  "RtwPairedLower": "-0.404368",
  "RtwPairedUpper": "0.450732",
  "RtwRawNegative": 162,
  "RtwLargeMedianMs": "423.71"
}
{
  "status": "PASS",
  "independent_of_solver": true,
  "deployment_records": 176,
  "cached_quadratic_records": 72,
  "exact_continuation_checks": 2640,
  "exact_tier_checks": 52624,
  "oracle_records": 720,
  "max_teacher_upper_gap": 6.14305745618642e-08,
  "max_normalized_directional_error_bound": 0.004166788622773565,
  "method": "Python fractions; objective, all subtree inequalities and nonlinear residual reconstructed from primitives",
  "source_sha256": {
    "nonlinear_control.py": "c94decae07734ff36efddc7fb97a385dc74cc8eaff9e12761e26d29e5dbafe39",
    "verify.py": "098788f56809bd38794dd09dbd85b5d99b4db192b300e1adab32d3a3b902f760"
  }
}
