This is pdfTeX, Version 3.141592653-2.6-1.40.25 (TeX Live 2023/Debian) (preloaded format=pdflatex)
 restricted \write18 enabled.
entering extended mode
(./main.tex
LaTeX2e <2023-11-01> patch level 1
L3 programming layer <2024-01-22>
(/usr/share/texlive/texmf-dist/tex/latex/base/article.cls
Document Class: article 2023/05/17 v1.4n Standard LaTeX document class
(/usr/share/texlive/texmf-dist/tex/latex/base/size11.clo))
(/usr/share/texlive/texmf-dist/tex/latex/geometry/geometry.sty
(/usr/share/texlive/texmf-dist/tex/latex/graphics/keyval.sty)
(/usr/share/texlive/texmf-dist/tex/generic/iftex/ifvtex.sty
(/usr/share/texlive/texmf-dist/tex/generic/iftex/iftex.sty)))
(/usr/share/texlive/texmf-dist/tex/latex/base/fontenc.sty)
(/usr/share/texlive/texmf-dist/tex/latex/amsmath/amsmath.sty
For additional information on amsmath, use the `?' option.
(/usr/share/texlive/texmf-dist/tex/latex/amsmath/amstext.sty
(/usr/share/texlive/texmf-dist/tex/latex/amsmath/amsgen.sty))
(/usr/share/texlive/texmf-dist/tex/latex/amsmath/amsbsy.sty)
(/usr/share/texlive/texmf-dist/tex/latex/amsmath/amsopn.sty))
(/usr/share/texlive/texmf-dist/tex/latex/amscls/amsthm.sty)
(/usr/share/texlive/texmf-dist/tex/latex/booktabs/booktabs.sty)
(/usr/share/texlive/texmf-dist/tex/latex/tools/array.sty)
(/usr/share/texlive/texmf-dist/tex/latex/newtx/newtxtext.sty
`newtxtext' v1.737, 2024/01/11 Text macros taking advantage of TeXGyre Termes a
nd its extensions (msharpe)
(/usr/share/texlive/texmf-dist/tex/latex/xpatch/xpatch.sty
(/usr/share/texlive/texmf-dist/tex/latex/l3kernel/expl3.sty
(/usr/share/texlive/texmf-dist/tex/latex/l3backend/l3backend-pdftex.def))
(/usr/share/texlive/texmf-dist/tex/latex/l3packages/xparse/xparse.sty)
(/usr/share/texlive/texmf-dist/tex/latex/etoolbox/etoolbox.sty))
(/usr/share/texlive/texmf-dist/tex/latex/xcolor/xcolor.sty
(/usr/share/texlive/texmf-dist/tex/latex/graphics-cfg/color.cfg)
(/usr/share/texlive/texmf-dist/tex/latex/graphics-def/pdftex.def)
(/usr/share/texlive/texmf-dist/tex/latex/graphics/mathcolor.ltx))
(/usr/share/texlive/texmf-dist/tex/latex/xkeyval/xkeyval.sty
(/usr/share/texlive/texmf-dist/tex/generic/xkeyval/xkeyval.tex
(/usr/share/texlive/texmf-dist/tex/generic/xkeyval/xkvutils.tex)))
(/usr/share/texlive/texmf-dist/tex/latex/base/textcomp.sty)
(/usr/share/texlive/texmf-dist/tex/generic/xstring/xstring.sty
(/usr/share/texlive/texmf-dist/tex/generic/xstring/xstring.tex))
(/usr/share/texlive/texmf-dist/tex/latex/base/ifthen.sty)
(/usr/share/texlive/texmf-dist/tex/latex/carlisle/scalefnt.sty)
(/usr/share/texlive/texmf-dist/tex/generic/kastrup/binhex.tex)
(/usr/share/texlive/texmf-dist/tex/latex/fontaxes/fontaxes.sty))
(/usr/share/texlive/texmf-dist/tex/latex/newtx/newtxmath.sty
`newtxmath' v1.732, 2023/11/05 Math macros based originally on txfonts (msharpe
) (/usr/share/texlive/texmf-dist/tex/latex/oberdiek/centernot.sty)
(/usr/share/texlive/texmf-dist/tex/generic/kastrup/binhex.tex)
amsthm NOT loaded
) (/usr/share/texlive/texmf-dist/tex/latex/natbib/natbib.sty)
(/usr/share/texlive/texmf-dist/tex/latex/setspace/setspace.sty)
(/usr/share/texlive/texmf-dist/tex/latex/hyperref/xr-hyper.sty)
(/usr/share/texlive/texmf-dist/tex/latex/hyperref/hyperref.sty
(/usr/share/texlive/texmf-dist/tex/latex/kvsetkeys/kvsetkeys.sty)
(/usr/share/texlive/texmf-dist/tex/generic/kvdefinekeys/kvdefinekeys.sty)
(/usr/share/texlive/texmf-dist/tex/generic/pdfescape/pdfescape.sty
(/usr/share/texlive/texmf-dist/tex/generic/ltxcmds/ltxcmds.sty)
(/usr/share/texlive/texmf-dist/tex/generic/pdftexcmds/pdftexcmds.sty
(/usr/share/texlive/texmf-dist/tex/generic/infwarerr/infwarerr.sty)))
(/usr/share/texlive/texmf-dist/tex/latex/hycolor/hycolor.sty)
(/usr/share/texlive/texmf-dist/tex/latex/auxhook/auxhook.sty)
(/usr/share/texlive/texmf-dist/tex/latex/hyperref/nameref.sty
(/usr/share/texlive/texmf-dist/tex/latex/refcount/refcount.sty)
(/usr/share/texlive/texmf-dist/tex/generic/gettitlestring/gettitlestring.sty
(/usr/share/texlive/texmf-dist/tex/latex/kvoptions/kvoptions.sty)))
(/usr/share/texlive/texmf-dist/tex/latex/hyperref/pd1enc.def)
(/usr/share/texlive/texmf-dist/tex/generic/intcalc/intcalc.sty)
(/usr/share/texlive/texmf-dist/tex/latex/hyperref/puenc.def)
(/usr/share/texlive/texmf-dist/tex/latex/url/url.sty)
(/usr/share/texlive/texmf-dist/tex/generic/bitset/bitset.sty
(/usr/share/texlive/texmf-dist/tex/generic/bigintcalc/bigintcalc.sty))
(/usr/share/texlive/texmf-dist/tex/latex/base/atbegshi-ltx.sty))
(/usr/share/texlive/texmf-dist/tex/latex/hyperref/hpdftex.def
(/usr/share/texlive/texmf-dist/tex/latex/base/atveryend-ltx.sty)
(/usr/share/texlive/texmf-dist/tex/latex/rerunfilecheck/rerunfilecheck.sty
(/usr/share/texlive/texmf-dist/tex/generic/uniquecounter/uniquecounter.sty)))
(/usr/share/texlive/texmf-dist/tex/latex/fancyhdr/fancyhdr.sty)
(/usr/share/texlive/texmf-dist/tex/latex/endfloat/endfloat.sty)

Package xr Warning: 
No file r29-ec-labels.aux
LABELS NOT IMPORTED.
 on input line 24.

(/usr/share/texlive/texmf-dist/tex/latex/newtx/t1ntxtlf.fd)
No file main.aux.
(/usr/share/texlive/texmf-dist/tex/latex/newtx/omlntxmi.fd)
(/usr/share/texlive/texmf-dist/tex/latex/newtx/untxexa.fd)
(/usr/share/texlive/texmf-dist/tex/latex/newtx/lmsntxsy.fd)
(/usr/share/texlive/texmf-dist/tex/latex/newtx/lmxntxexx.fd)
*geometry* driver: auto-detecting
*geometry* detected driver: pdftex
(/usr/share/texlive/texmf-dist/tex/context/base/mkii/supp-pdf.mkii
[Loading MPS to PDF converter (version 2006.09.02).]
) (/usr/share/texlive/texmf-dist/tex/latex/newtx/ot1minntx.fd)
(/usr/share/texlive/texmf-dist/tex/latex/newtx/untxmia.fd)
(/usr/share/texlive/texmf-dist/tex/latex/newtx/untxsym.fd)
(/usr/share/texlive/texmf-dist/tex/latex/newtx/untxsyc.fd) [1{/var/lib/texmf/fo
nts/map/pdftex/updmap/pdftex.map}{/usr/share/texlive/texmf-dist/fonts/enc/dvips
/newtx/ntx-ec-tlf.enc}] (./revisions/or-r29-price-state-20260923/metrics.tex)
(./revisions/or-r29-price-state-20260923/intro.tex)
pdfTeX warning (ext4): destination with the same identifier (name{page.1}) has 
been already used, duplicate ignored
<to be read again> 
                   \relax 
l.40 \section
             {Relation to Dynamic Contracting and Optimization}\label{sec:li...
[1]

Package natbib Warning: Citation `SpearSrivastava1987' on page 2 undefined on i
nput line 41.


Package natbib Warning: Citation `ThomasWorrall1988' on page 2 undefined on inp
ut line 41.


Package natbib Warning: Citation `ChenSunXiao2020' on page 2 undefined on input
 line 41.


Package natbib Warning: Citation `LiangSunTangZhang2023' on page 2 undefined on
 input line 41.


LaTeX Warning: Reference `sec:recursion' on page 2 undefined on input line 43.


Package natbib Warning: Citation `TianSunDuenyas2021' on page 2 undefined on in
put line 45.


Package natbib Warning: Citation `LiuLewisSongKuribko2019' on page 2 undefined 
on input line 45.


Package natbib Warning: Citation `He2023' on page 2 undefined on input line 45.



Package natbib Warning: Citation `Altman1999' on page 2 undefined on input line
 47.


Package natbib Warning: Citation `BoydVandenberghe2004' on page 2 undefined on 
input line 47.


Package natbib Warning: Citation `TibshiraniTaylor2011' on page 2 undefined on 
input line 47.


Package natbib Warning: Citation `Bemporad2002' on page 2 undefined on input li
ne 47.


Package natbib Warning: Citation `BenTalNemirovski2000' on page 2 undefined on 
input line 49.


Package natbib Warning: Citation `BertsimasSim2004' on page 2 undefined on inpu
t line 49.


Package natbib Warning: Citation `Stellato2020' on page 2 undefined on input li
ne 49.

[2] (./revisions/or-r29-price-state-20260923/modern_literature.tex

Package natbib Warning: Citation `Girardeau2015' on page 3 undefined on input l
ine 1.


Package natbib Warning: Citation `Dowson2020' on page 3 undefined on input line
 1.


Package natbib Warning: Citation `FullnerRebennack2025' on page 3 undefined on 
input line 1.


Package natbib Warning: Citation `Lan2023' on page 3 undefined on input line 1.



Package natbib Warning: Citation `Vidal2016' on page 3 undefined on input line 
5.


Package natbib Warning: Citation `SchootUiterkamp2021' on page 3 undefined on i
nput line 5.


Package natbib Warning: Citation `Wu2021' on page 3 undefined on input line 5.


Package natbib Warning: Citation `RockafellarWets1991' on page 3 undefined on i
nput line 7.


Package natbib Warning: Citation `Benders1962' on page 3 undefined on input lin
e 7.


Package natbib Warning: Citation `PereiraPinto1991' on page 3 undefined on inpu
t line 7.

) [3{/usr/share/texlive/texmf-dist/fonts/enc/dvips/newtx/ntx-ot1-tlf.enc}]

LaTeX Warning: Reference `ec:stock' on page 4 undefined on input line 62.


LaTeX Warning: Reference `eq:continuation' on page 4 undefined on input line 83
.


LaTeX Warning: Reference `eq:poly' on page 4 undefined on input line 83.

[4]

LaTeX Warning: Reference `eq:balance' on page 5 undefined on input line 102.


LaTeX Warning: Reference `ec:transfer' on page 5 undefined on input line 116.

[5] (./revisions/or-r29-price-state-20260923/price_main.tex

LaTeX Warning: Reference `sec:model' on page 6 undefined on input line 8.


LaTeX Warning: Reference `sec:recursion' on page 6 undefined on input line 8.

[6]

LaTeX Warning: Reference `eq:price-domain' on page 7 undefined on input line 44
.


LaTeX Warning: Reference `eq:raw-response' on page 7 undefined on input line 46
.


LaTeX Warning: Reference `eq:response-identity' on page 7 undefined on input li
ne 51.


LaTeX Warning: Reference `eq:reflection' on page 7 undefined on input line 51.


LaTeX Warning: Reference `eq:alphabet-knots' on page 7 undefined on input line 
53.

[7]

LaTeX Warning: Reference `eq:reflection' on page 8 undefined on input line 55.


LaTeX Warning: Reference `sec:bridge' on page 8 undefined on input line 59.


LaTeX Warning: Reference `thm:finite-price' on page 8 undefined on input line 6
2.


LaTeX Warning: Reference `eq:raw-response' on page 8 undefined on input line 62
.

[8]

LaTeX Warning: Reference `eq:price-kkt' on page 9 undefined on input line 81.

) (./revisions/or-r29-price-state-20260923/memory_main.tex

LaTeX Warning: Reference `ec:r29-checks' on page 9 undefined on input line 4.

[9]

LaTeX Warning: Reference `eq:cell-memory-loss' on page 10 undefined on input li
ne 34.


LaTeX Warning: Reference `eq:memory-dp' on page 10 undefined on input line 34.

) (./revisions/or-r29-price-state-20260923/shared_main.tex [10]

LaTeX Warning: Reference `eq:table-condensed' on page 11 undefined on input lin
e 16.


LaTeX Warning: Reference `eq:table-condensed' on page 11 undefined on input lin
e 21.


LaTeX Warning: Reference `eq:table-qp' on page 11 undefined on input line 21.


LaTeX Warning: Reference `thm:finite-price' on page 11 undefined on input line 
24.


LaTeX Warning: Reference `thm:memory' on page 11 undefined on input line 24.

[11]

LaTeX Warning: Reference `thm:finite-price' on page 12 undefined on input line 
27.


LaTeX Warning: Reference `eq:price-kkt' on page 12 undefined on input line 43.


LaTeX Warning: Reference `eq:table-gradient' on page 12 undefined on input line
 45.


LaTeX Warning: Reference `eq:table-cut' on page 12 undefined on input line 45.


LaTeX Warning: Reference `sec:release' on page 12 undefined on input line 47.


LaTeX Warning: Reference `sec:certification' on page 12 undefined on input line
 47.

) (./revisions/or-r29-price-state-20260923/evidence_main.tex [12]

LaTeX Warning: Reference `tab:r29-scaling' on page 13 undefined on input line 6
.


LaTeX Warning: Reference `tab:r29-memory' on page 13 undefined on input line 10
.


LaTeX Warning: Reference `ec:r29-checks' on page 13 undefined on input line 12.


(./revisions/or-r29-price-state-20260923/tables.tex (main.ttt))) [13] [14]

LaTeX Warning: Reference `eq:poly' on page 15 undefined on input line 153.


LaTeX Warning: Reference `eq:release' on page 15 undefined on input line 153.


LaTeX Warning: Reference `eq:restriction-rent' on page 15 undefined on input li
ne 174.

[15]

LaTeX Warning: Reference `eq:slack-break' on page 16 undefined on input line 17
8.


LaTeX Warning: Reference `ec:release' on page 16 undefined on input line 178.


LaTeX Warning: Reference `eq:release-exact' on page 16 undefined on input line 
184.


LaTeX Warning: Reference `eq:restriction-rent' on page 16 undefined on input li
ne 184.


LaTeX Warning: Reference `ec:examples' on page 16 undefined on input line 200.

[16]

LaTeX Warning: Reference `eq:values' on page 17 undefined on input line 204.


LaTeX Warning: Reference `thm:release' on page 17 undefined on input line 216.


LaTeX Warning: Reference `ec:rents' on page 17 undefined on input line 216.

[17]

LaTeX Warning: Reference `eq:balance' on page 18 undefined on input line 237.


LaTeX Warning: Reference `eq:balance' on page 18 undefined on input line 240.


LaTeX Warning: Reference `thm:release' on page 18 undefined on input line 255.

[18]

LaTeX Warning: Reference `eq:recursion' on page 19 undefined on input line 274.


[19]

LaTeX Warning: Reference `eq:continuation' on page 20 undefined on input line 2
79.


LaTeX Warning: Reference `eq:recursion' on page 20 undefined on input line 279.


(./revisions/or-r26-20260923/continuous_main.tex [20]

LaTeX Warning: Reference `eq:r26-stage' on page 21 undefined on input line 37.


LaTeX Warning: Reference `eq:r26-domain' on page 21 undefined on input line 37.



LaTeX Warning: Reference `eq:r26-plane' on page 21 undefined on input line 37.


LaTeX Warning: Reference `eq:r26-envelopes' on page 21 undefined on input line 
42.


LaTeX Warning: Reference `eq:r26-uniform' on page 21 undefined on input line 49
.


LaTeX Warning: Reference `eq:r26-domain' on page 21 undefined on input line 52.



LaTeX Warning: Reference `eq:r26-stage' on page 21 undefined on input line 52.

[21]

LaTeX Warning: Reference `eq:r26-plane' on page 22 undefined on input line 56.


LaTeX Warning: Reference `eq:r26-uniform' on page 22 undefined on input line 58
.


Package natbib Warning: Citation `PereiraPinto1991' on page 22 undefined on inp
ut line 61.


LaTeX Warning: Reference `thm:recursion' on page 22 undefined on input line 64.



LaTeX Warning: Reference `sec:model' on page 22 undefined on input line 66.

[22]

LaTeX Warning: Reference `ec:r26' on page 23 undefined on input line 89.

) (./revisions/or-r29-price-state-20260923/bridge_main.tex

LaTeX Warning: Reference `sec:release' on page 23 undefined on input line 6.


LaTeX Warning: Reference `eq:recursion' on page 23 undefined on input line 8.


LaTeX Warning: Reference `eq:tablecorridor' on page 23 undefined on input line 
8.


LaTeX Warning: Reference `eq:tablevalue' on page 23 undefined on input line 15.



LaTeX Warning: Reference `eq:tablecorridor' on page 23 undefined on input line 
15.

[23]

LaTeX Warning: Reference `thm:r26-envelopes' on page 24 undefined on input line
 35.

[24]

LaTeX Warning: Reference `eq:tablevalue' on page 25 undefined on input line 50.



LaTeX Warning: Reference `thm:release' on page 25 undefined on input line 50.


LaTeX Warning: Reference `eq:bridgeprices' on page 25 undefined on input line 5
1.


LaTeX Warning: Reference `eq:stategain' on page 25 undefined on input line 51.


LaTeX Warning: Reference `ec:bridge' on page 25 undefined on input line 51.


LaTeX Warning: Reference `prop:balance' on page 25 undefined on input line 54.


LaTeX Warning: Reference `eq:poly' on page 25 undefined on input line 54.


LaTeX Warning: Reference `ec:bridgeexample' on page 25 undefined on input line 
56.

) [25]

LaTeX Warning: Reference `ec:dual' on page 26 undefined on input line 291.


LaTeX Warning: Reference `ec:cache' on page 26 undefined on input line 313.


LaTeX Warning: Reference `thm:r27-cache' on page 26 undefined on input line 315
.

[26]

LaTeX Warning: Reference `eq:outer' on page 27 undefined on input line 335.


LaTeX Warning: Reference `ec:outer' on page 27 undefined on input line 337.

(./revisions/or-r27-20260923/correlated_main.tex [27]

LaTeX Warning: Reference `eq:r27-decomposition' on page 28 undefined on input l
ine 41.


LaTeX Warning: Reference `eq:r27-upper' on page 28 undefined on input line 51.


LaTeX Warning: Reference `eq:r27-decomposition' on page 28 undefined on input l
ine 51.


LaTeX Warning: Reference `eq:r27-quadratic' on page 28 undefined on input line 
53.


LaTeX Warning: Reference `ec:r27' on page 28 undefined on input line 53.

[28]

LaTeX Warning: Reference `prop:cache' on page 29 undefined on input line 55.


LaTeX Warning: Reference `eq:r27-upper' on page 29 undefined on input line 57.


LaTeX Warning: Reference `eq:r27-model' on page 29 undefined on input line 60.


LaTeX Warning: Reference `eq:r27-uniform' on page 29 undefined on input line 71
.

) (./revisions/or-r28-20260923/governance_main.tex

LaTeX Warning: Reference `thm:r27-cache' on page 29 undefined on input line 2.

[29]

LaTeX Warning: Reference `thm:r27-cache' on page 30 undefined on input line 10.



LaTeX Warning: Reference `thm:bridge' on page 30 undefined on input line 10.


LaTeX Warning: Reference `thm:r27-cache' on page 30 undefined on input line 12.



LaTeX Warning: Reference `ec:governance' on page 30 undefined on input line 12.


[30]

LaTeX Warning: Reference `eq:bernsteinfeas' on page 31 undefined on input line 
38.


LaTeX Warning: Reference `ec:adaptiveuniform' on page 31 undefined on input lin
e 38.

) (./revisions/or-r29-price-state-20260923/references.tex [31] [32])

Package natbib Warning: There were undefined citations.

AED endfloat: Processing end Figures and Tables [33] (./main.ttt) [34]
(./main.aux

Package natbib Warning: Citation(s) may have changed.
(natbib)                Rerun to get citations correct.

)

LaTeX Warning: There were undefined references.


LaTeX Warning: Label(s) may have changed. Rerun to get cross-references right.


Package rerunfilecheck Warning: File `main.out' has changed.
(rerunfilecheck)                Rerun to get outlines right
(rerunfilecheck)                or use package `bookmark'.

 )
(see the transcript file for additional information)</usr/share/texlive/texmf-d
ist/fonts/type1/public/newtx/NewTXMI.pfb></usr/share/texlive/texmf-dist/fonts/t
ype1/public/newtx/NewTXMI5.pfb></usr/share/texlive/texmf-dist/fonts/type1/publi
c/newtx/NewTXMI7.pfb></usr/share/texlive/texmf-dist/fonts/type1/public/newtx/tx
exs.pfb></usr/share/texlive/texmf-dist/fonts/type1/public/newtx/txmiaX.pfb></us
r/share/texlive/texmf-dist/fonts/type1/public/newtx/txsym.pfb></usr/share/texli
ve/texmf-dist/fonts/type1/public/newtx/txsys.pfb></usr/share/texlive/texmf-dist
/fonts/type1/public/newtx/ztmb.pfb></usr/share/texlive/texmf-dist/fonts/type1/p
ublic/newtx/ztmr.pfb></usr/share/texlive/texmf-dist/fonts/type1/public/newtx/zt
mri.pfb>
Output written on main.pdf (35 pages, 341115 bytes).
Transcript written on main.log.
