labels 0 32
labels 0 64
scaling 0 [31, 2, 2, 4, 1] complete 80
labels 1 32
labels 1 64
scaling 1 [63, 2, 6, 4, 1] complete 160
labels 2 32
labels 2 64
scaling 2 [127, 2, 6, 4, 1] complete 240
labels 3 32
labels 3 64
scaling 3 [255, 2, 6, 4, 1] complete 320
labels 4 32
labels 4 64
scaling 4 [511, 2, 6, 4, 1] complete 400
labels 5 32
labels 5 64
scaling 5 [1023, 2, 6, 4, 1] complete 480
labels 6 32
labels 6 64
scaling 6 [127, 1, 2, 4, 1] complete 560
labels 7 32
labels 7 64
scaling 7 [127, 4, 12, 4, 1] complete 640
labels 8 32
labels 8 64
scaling 8 [127, 2, 12, 8, 1] complete 720
labels 9 32
labels 9 64
scaling 9 [127, 2, 6, 4, 16] complete 800
